CMD: (cwd /opt/bench/msrv-lock/a2a-rust) CARGO_RESOLVER_INCOMPATIBLE_RUST_VERSIONS=fallback cargo +1.88 check -j 2 --locked -p a2a-protocol-client
   Compiling proc-macro2 v1.0.107
   Compiling quote v1.0.47
   Compiling libc v0.2.189
   Compiling syn v3.0.6
    Checking bytes v1.12.1
    Checking pin-project-lite v0.2.17
   Compiling find-msvc-tools v0.1.14
   Compiling shlex v2.0.1
   Compiling cc v1.5.1
    Checking cfg-if v1.0.5
    Checking futures-core v0.3.34
    Checking once_cell v1.21.4
   Compiling ring v0.17.14
    Checking mio v1.2.3
    Checking socket2 v0.6.5
   Compiling tokio-macros v2.7.2
    Checking tokio v1.53.1
    Checking http v1.5.0
   Compiling syn v2.0.119
    Checking zeroize v1.9.0
    Checking rustls-pki-types v1.15.1
    Checking tracing-core v0.1.36
    Checking getrandom v0.2.17
   Compiling httparse v1.10.1
    Checking untrusted v0.9.0
    Checking equivalent v1.0.2
    Checking futures-sink v0.3.34
    Checking hashbrown v0.17.1
    Checking indexmap v2.14.2
    Checking tokio-util v0.7.19
   Compiling tracing-attributes v0.1.31
    Checking http-body v1.1.0
    Checking atomic-waker v1.1.2
    Checking fnv v1.0.7
    Checking try-lock v0.2.5
   Compiling rustls v0.23.45
    Checking slab v0.4.12
    Checking want v0.3.1
    Checking rustls-webpki v0.103.15
    Checking futures-channel v0.3.34
    Checking tracing v0.1.44
    Checking futures-task v0.3.34
    Checking h2 v0.4.19
    Checking httpdate v1.0.3
    Checking subtle v2.6.1
    Checking smallvec v1.16.2
   Compiling getrandom v0.4.3
    Checking hyper v1.11.1
    Checking futures-util v0.3.34
   Compiling serde_derive v1.0.229
    Checking tower-service v0.3.3
    Checking hyper-util v0.1.21
    Checking tokio-rustls v0.26.5
    Checking webpki-roots v1.0.9
   Compiling a2a-protocol-client v0.14.0 (/opt/bench/msrv-lock/a2a-rust/crates/a2a-protocol-client)
    Checking hyper-rustls v0.27.10
    Checking uuid v1.26.1
    Checking http-body-util v0.1.5
    Checking base64 v0.23.1
    Checking serde v1.0.229
    Checking a2a-protocol-types v0.14.0 (/opt/bench/msrv-lock/a2a-rust/crates/a2a-protocol-types)
    Finished `dev` profile [unoptimized] target(s) in 15.82s
EXIT: 0
