CMD: (cwd /opt/bench/msrv-lock/a2a-rs) CARGO_RESOLVER_INCOMPATIBLE_RUST_VERSIONS=fallback cargo +1.85 check -j 2 --locked -p a2a-pb
   Compiling syn v3.0.6
   Compiling prost-derive v0.14.4
   Compiling serde_core v1.0.229
   Compiling bitflags v2.13.2
   Compiling prettyplease v0.2.37
   Compiling rustix v1.1.5
   Compiling bytes v1.12.1
   Compiling pulldown-cmark v0.13.4
   Compiling prost v0.14.4
    Checking tracing-core v0.1.36
   Compiling libc v0.2.189
   Compiling tokio-macros v2.7.2
    Checking tokio v1.53.1
   Compiling tracing-attributes v0.1.31
    Checking hashbrown v0.17.1
   Compiling cfg-if v1.0.5
    Checking equivalent v1.0.2
   Compiling linux-raw-sys v0.12.1
   Compiling regex-syntax v0.8.11
   Compiling foldhash v0.1.5
   Compiling memchr v2.8.3
   Compiling unicase v2.9.0
   Compiling regex-automata v0.4.18
   Compiling hashbrown v0.15.5
   Compiling indexmap v2.14.2
    Checking tokio-util v0.7.19
   Compiling getrandom v0.4.3
    Checking tracing v0.1.44
   Compiling prost-types v0.14.4
    Checking http-body v1.1.0
   Compiling fastrand v2.5.0
   Compiling heck v0.5.0
   Compiling fixedbitset v0.5.7
   Compiling once_cell v1.21.4
   Compiling tempfile v3.27.0
   Compiling petgraph v0.8.3
   Compiling regex v1.13.1
   Compiling pulldown-cmark-to-cmark v22.0.1
   Compiling multimap v0.10.1
   Compiling log v0.4.34
   Compiling httparse v1.10.1
    Checking tower-service v0.3.3
    Checking futures-task v0.3.34
    Checking futures-util v0.3.34
   Compiling prost-build v0.14.4
    Checking atomic-waker v1.1.2
    Checking try-lock v0.2.5
    Checking fnv v1.0.7
    Checking want v0.3.1
    Checking h2 v0.4.19
   Compiling pbjson-build v0.9.0
   Compiling serde_derive v1.0.229
    Checking futures-channel v0.3.34
    Checking httpdate v1.0.3
    Checking tower-layer v0.3.3
    Checking sync_wrapper v1.0.2
    Checking hyper v1.11.1
    Checking http-body-util v0.1.5
    Checking mime v0.3.17
    Checking base64 v0.22.1
    Checking serde v1.0.229
    Checking axum-core v0.5.6
    Checking hyper-util v0.1.21
    Checking tower v0.5.3
   Compiling tonic-build v0.14.5
   Compiling pin-project-internal v1.1.13
   Compiling protoc-bin-vendored-macos-x86_64 v3.2.0
   Compiling protoc-bin-vendored-macos-aarch_64 v3.2.0
   Compiling protoc-bin-vendored-linux-s390_64 v3.2.0
    Checking matchit v0.8.4
   Compiling protoc-bin-vendored-linux-x86_64 v3.2.0
   Compiling protoc-bin-vendored-win32 v3.2.0
   Compiling protoc-bin-vendored-linux-x86_32 v3.2.0
   Compiling protoc-bin-vendored-linux-ppcle_64 v3.2.0
    Checking percent-encoding v2.3.2
   Compiling protoc-bin-vendored-linux-aarch_64 v3.2.0
   Compiling protoc-bin-vendored v3.2.0
    Checking axum v0.8.9
    Checking pin-project v1.1.13
    Checking chrono v0.4.45
   Compiling tonic-prost-build v0.14.5
    Checking hyper-timeout v0.5.2
   Compiling pbjson-types v0.9.0
    Checking tokio-stream v0.1.19
   Compiling async-trait v0.1.92
   Compiling thiserror-impl v2.0.21
    Checking tonic v0.14.5
    Checking thiserror v2.0.21
    Checking serde_json v1.0.151
   Compiling a2a-pb v0.2.1 (/opt/bench/msrv-lock/a2a-rs/a2a-pb)
    Checking uuid v1.26.1
    Checking pbjson v0.9.0
    Checking a2a-lf v0.3.1 (/opt/bench/msrv-lock/a2a-rs/a2a)
    Checking tonic-prost v0.14.5
    Finished `dev` profile [unoptimized] target(s) in 24.82s
EXIT: 0
