CMD: (cwd /opt/bench/msrv-lock/a2a-rs) CARGO_RESOLVER_INCOMPATIBLE_RUST_VERSIONS=fallback cargo +1.85 check -j 2 --locked -p a2a-server-lf
   Compiling syn v2.0.119
    Checking log v0.4.34
    Checking http v1.5.0
    Checking memchr v2.8.3
    Checking slab v0.4.12
    Checking futures-channel v0.3.34
   Compiling yoke-derive v0.8.3
error[E0599]: no function or associated item named `from_utf8` found for type `str` in the current scope
   --> /root/.cargo/registry/src/index.crates.io-1949cf8c6b5b557f/yoke-derive-0.8.3/src/lib.rs:202:32
    |
202 |         let underscores = str::from_utf8(&underscores).expect("_ is ASCII and thus UTF-8");
    |                                ^^^^^^^^^ function or associated item not found in `str`
    |
help: you are looking for the module in `std`, not the primitive type
    |
202 |         let underscores = std::str::from_utf8(&underscores).expect("_ is ASCII and thus UTF-8");
    |                           +++++

For more information about this error, try `rustc --explain E0599`.
error: could not compile `yoke-derive` (lib) due to 1 previous error
warning: build failed, waiting for other jobs to finish...
EXIT: 101
