CMD: (cwd /opt/bench/msrv-lock/a2a-rs) CARGO_RESOLVER_INCOMPATIBLE_RUST_VERSIONS=fallback cargo +1.85 check -j 2 --locked -p a2a-grpc
   Compiling tracing-attributes v0.1.31
   Compiling serde_core v1.0.229
   Compiling jobserver v0.1.35
   Compiling futures-macro v0.3.34
    Checking tracing v0.1.44
   Compiling shlex v2.0.1
   Compiling find-msvc-tools v0.1.14
    Checking futures-task v0.3.34
    Checking futures-io v0.3.34
    Checking futures-util v0.3.34
   Compiling cc v1.5.1
   Compiling prost-derive v0.14.4
   Compiling yoke-derive v0.8.3
error[E0599]: no function or associated item named `from_utf8` found for type `str` in the current scope
   --> /root/.cargo/registry/src/index.crates.io-1949cf8c6b5b557f/yoke-derive-0.8.3/src/lib.rs:202:32
    |
202 |         let underscores = str::from_utf8(&underscores).expect("_ is ASCII and thus UTF-8");
    |                                ^^^^^^^^^ function or associated item not found in `str`
    |
help: you are looking for the module in `std`, not the primitive type
    |
202 |         let underscores = std::str::from_utf8(&underscores).expect("_ is ASCII and thus UTF-8");
    |                           +++++

For more information about this error, try `rustc --explain E0599`.
error: could not compile `yoke-derive` (lib) due to 1 previous error
warning: build failed, waiting for other jobs to finish...
EXIT: 101
