CMD: (cwd /opt/bench/msrv-lock/a2a-rs) CARGO_RESOLVER_INCOMPATIBLE_RUST_VERSIONS=fallback cargo +1.85 check -j 2 --locked -p a2a-lf
   Compiling proc-macro2 v1.0.107
   Compiling quote v1.0.47
   Compiling unicode-ident v1.0.26
   Compiling serde_core v1.0.229
   Compiling libc v0.2.189
   Compiling autocfg v1.5.1
   Compiling syn v3.0.6
   Compiling num-traits v0.2.19
   Compiling serde v1.0.229
   Compiling getrandom v0.4.3
   Compiling zmij v1.0.23
   Compiling serde_derive v1.0.229
   Compiling thiserror v2.0.21
   Compiling serde_json v1.0.151
    Checking cfg-if v1.0.5
   Compiling thiserror-impl v2.0.21
    Checking iana-time-zone v0.1.65
    Checking memchr v2.8.3
    Checking itoa v1.0.18
    Checking chrono v0.4.45
    Checking uuid v1.26.1
    Checking base64 v0.23.1
    Checking a2a-lf v0.3.1 (/opt/bench/msrv-lock/a2a-rs/a2a)
    Finished `dev` profile [unoptimized] target(s) in 6.71s
EXIT: 0
