CMD: (cwd /opt/bench/msrv-lock/a2a-rs, copy) CARGO_RESOLVER_INCOMPATIBLE_RUST_VERSIONS=fallback cargo +1.85 generate-lockfile
    Updating crates.io index
     Locking 556 packages to latest Rust 1.85 compatible versions
      Adding agntcy-slim-auth v0.15.4 (available: v0.16.0)
      Adding agntcy-slim-config v0.16.1 (available: v0.16.2)
      Adding agntcy-slim-controller v0.13.0 (available: v0.13.1)
      Adding agntcy-slim-datapath v0.18.7 (available: v0.18.8)
      Adding agntcy-slim-mls v0.3.10 (available: v0.3.11)
      Adding agntcy-slim-proto v0.6.1 (available: v0.6.2)
      Adding agntcy-slim-rpc v2.3.0 (available: v2.3.3)
      Adding agntcy-slim-service v0.12.10 (available: v0.12.11)
      Adding agntcy-slim-session v0.7.10 (available: v0.7.11)
      Adding agntcy-slim-tracing v0.4.20 (available: v0.4.21)
      Adding aws-lc-rs v1.16.2 (available: v1.18.1)
      Adding aws-lc-sys v0.39.0 (available: v0.39.1)
      Adding cel v0.14.5 (requires Rust 1.86.0)
      Adding crypto-common v0.1.6 (available: v0.1.7)
      Adding encoding_rs v0.8.35 (available: v0.8.42, requires Rust 1.88)
      Adding globset v0.4.19 (available: v0.4.20, requires Rust 1.88)
      Adding icu_collections v2.1.1 (available: v2.3.0, requires Rust 1.88)
      Adding icu_locale_core v2.1.1 (available: v2.3.0, requires Rust 1.88)
      Adding icu_normalizer v2.1.1 (available: v2.3.0, requires Rust 1.88)
      Adding icu_normalizer_data v2.1.1 (available: v2.3.0, requires Rust 1.88)
      Adding icu_properties v2.1.2 (available: v2.3.0, requires Rust 1.88)
      Adding icu_properties_data v2.1.2 (available: v2.3.0, requires Rust 1.88)
      Adding icu_provider v2.1.1 (available: v2.3.1, requires Rust 1.88)
      Adding idna_adapter v1.2.1 (available: v1.2.2, requires Rust 1.86)
      Adding jsonwebtoken v10.3.0 (available: v10.4.0, requires Rust 1.88.0)
      Adding matchit v0.8.4 (available: v0.8.6)
      Adding rcgen v0.14.7 (available: v0.14.10, requires Rust 1.88)
      Adding rustls v0.23.43 (available: v0.23.45)
      Adding rustls-webpki v0.103.13 (available: v0.103.15)
      Adding spiffe v0.12.0 (requires Rust 1.88)
      Adding time v0.3.55 (requires Rust 1.88.0)
      Adding time-core v0.1.9 (requires Rust 1.88.0)
      Adding time-macros v0.2.32 (requires Rust 1.88.0)
      Adding tonic v0.14.5 (available: v0.14.6, requires Rust 1.88)
      Adding tonic-build v0.14.5 (available: v0.14.6, requires Rust 1.88)
      Adding tonic-prost v0.14.5 (available: v0.14.6, requires Rust 1.88)
      Adding tonic-prost-build v0.14.5 (available: v0.14.6, requires Rust 1.88)
      Adding tonic-types v0.14.5 (available: v0.14.6, requires Rust 1.88)
      Adding wasip2 v1.0.1+wasi-0.2.4 (available: v1.0.4+wasi-0.2.12, requires Rust 1.87.0)
EXIT: 0
