CMD: (cwd /opt/bench/a2a-rs) CARGO_TARGET_DIR=/opt/bench/target-quality-a2a-rs CARGO_PROFILE_DEV_DEBUG=0 CARGO_PROFILE_TEST_DEBUG=0 CARGO_INCREMENTAL=0 cargo rustdoc -j 2 -p a2a-grpc -- -W missing_docs
START: 2026-09-26T10:08:35Z
    Checking a2a-client-lf v0.2.5 (/opt/bench/a2a-rs/a2a-client)
    Checking a2a-server-lf v0.4.4 (/opt/bench/a2a-rs/a2a-server)
    Checking tonic-tls v0.7.1
    Checking tonic-types v0.14.5
 Documenting a2a-grpc v0.3.7 (/opt/bench/a2a-rs/a2a-grpc)
warning: missing documentation for the crate
  --> a2a-grpc/src/lib.rs:3:1
   |
 3 | / pub mod client;
 4 | | pub mod errors;
 5 | | pub mod server;
...  |
10 | | #[cfg(any(feature = "rustls-tls", feature = "rustls-no-provider"))]
11 | | pub use rustls;
   | |_______________^
   |
   = note: requested on the command line with `-W missing-docs`

warning: missing documentation for a module
 --> a2a-grpc/src/lib.rs:3:1
  |
3 | pub mod client;
  | ^^^^^^^^^^^^^^

warning: missing documentation for a module
 --> a2a-grpc/src/lib.rs:4:1
  |
4 | pub mod errors;
  | ^^^^^^^^^^^^^^

warning: missing documentation for a module
 --> a2a-grpc/src/lib.rs:5:1
  |
5 | pub mod server;
  | ^^^^^^^^^^^^^^

warning: missing documentation for an associated function
  --> a2a-grpc/src/client.rs:32:5
   |
32 |     pub async fn connect(endpoint: impl Into<String>) -> Result<Self, A2AError> {
   |     ^^^^^^^^^^^^^^^^^^^^^^^^^^^^^^^^^^^^^^^^^^^^^^^^^^^^^^^^^^^^^^^^^^^^^^^^^^^

warning: missing documentation for an associated function
  --> a2a-grpc/src/client.rs:42:5
   |
42 |     pub fn from_channel(channel: Channel) -> Self {
   |     ^^^^^^^^^^^^^^^^^^^^^^^^^^^^^^^^^^^^^^^^^^^^^

warning: missing documentation for an associated function
   --> a2a-grpc/src/client.rs:271:5
    |
271 |     pub fn new() -> Self {
    |     ^^^^^^^^^^^^^^^^^^^^

warning: missing documentation for an associated function
   --> a2a-grpc/src/client.rs:279:5
    |
279 |     pub fn with_rustls_config(config: std::sync::Arc<rustls::ClientConfig>) -> Self {
    |     ^^^^^^^^^^^^^^^^^^^^^^^^^^^^^^^^^^^^^^^^^^^^^^^^^^^^^^^^^^^^^^^^^^^^^^^^^^^^^^^

warning: missing documentation for an associated function
  --> a2a-grpc/src/server.rs:28:5
   |
28 |     pub fn new(handler: Arc<H>) -> Self {
   |     ^^^^^^^^^^^^^^^^^^^^^^^^^^^^^^^^^^^

warning: `a2a-grpc` (lib doc) generated 9 warnings
    Finished `dev` profile [unoptimized] target(s) in 2.04s
   Generated /opt/bench/target-quality-a2a-rs/doc/a2a_grpc/index.html
EXIT: 0
END: 2026-09-26T10:08:37Z
