CMD: (cwd /opt/bench/a2a-rs) CARGO_TARGET_DIR=/opt/bench/target-quality-a2a-rs CARGO_PROFILE_DEV_DEBUG=0 CARGO_PROFILE_TEST_DEBUG=0 CARGO_INCREMENTAL=0 cargo rustdoc -j 2 -p a2a-slimrpc -- -W missing_docs
START: 2026-09-26T10:08:37Z
    Checking either v1.15.0
    Checking tokio-rustls v0.26.4
    Checking itertools v0.14.0
    Checking hyper-rustls v0.27.8
    Checking reqwest v0.12.28
    Checking oauth2 v5.0.0
    Checking mls-rs-codec v0.7.0
    Checking mls-rs-core v0.26.0
    Checking mls-rs-identity-x509 v0.20.0
    Checking mls-rs-crypto-traits v0.21.0
    Checking reqwest v0.13.4
    Checking mls-rs-crypto-hpke v0.20.0
    Checking mls-rs-crypto-awslc v0.23.0
    Checking agntcy-slim-auth v0.15.3
    Checking tonic-tls v0.7.1
    Checking rayon v1.12.0
    Checking agntcy-slim-config v0.16.0
    Checking opentelemetry-http v0.32.0
    Checking mls-rs v0.54.0
    Checking opentelemetry-otlp v0.32.0
    Checking mls-rs-provider-sqlite v0.22.0
    Checking agntcy-slim-tracing v0.4.19
    Checking agntcy-slim-persistence v0.1.0
    Checking agntcy-slim-proto v0.6.0
    Checking agntcy-slim-mls v0.3.9
    Checking a2a-client-lf v0.2.5 (/opt/bench/a2a-rs/a2a-client)
    Checking agntcy-slim-datapath v0.18.6
    Checking a2a-server-lf v0.4.4 (/opt/bench/a2a-rs/a2a-server)
    Checking agntcy-slim-session v0.7.10
    Checking agntcy-slim-controller v0.13.0
    Checking agntcy-slim-service v0.12.10
    Checking agntcy-slim-rpc v2.3.0
 Documenting a2a-slimrpc v0.2.9 (/opt/bench/a2a-rs/a2a-slimrpc)
warning: missing documentation for the crate
  --> a2a-slimrpc/src/lib.rs:3:1
   |
 3 | / pub mod client;
 4 | | mod common;
 5 | | pub mod errors;
 6 | | pub mod server;
...  |
 9 | | pub use common::SLIM_SRC_METADATA_KEY;
10 | | pub use server::{SlimRpcHandler, register_collaborate};
   | |_______________________________________________________^
   |
   = note: requested on the command line with `-W missing-docs`

warning: missing documentation for a module
 --> a2a-slimrpc/src/lib.rs:3:1
  |
3 | pub mod client;
  | ^^^^^^^^^^^^^^

warning: missing documentation for a module
 --> a2a-slimrpc/src/lib.rs:5:1
  |
5 | pub mod errors;
  | ^^^^^^^^^^^^^^

warning: missing documentation for a module
 --> a2a-slimrpc/src/lib.rs:6:1
  |
6 | pub mod server;
  | ^^^^^^^^^^^^^^

warning: missing documentation for an associated function
  --> a2a-slimrpc/src/client.rs:36:5
   |
36 |     pub fn new(app: Arc<SlimApp>, remote: Arc<ProtoName>) -> Self {
   |     ^^^^^^^^^^^^^^^^^^^^^^^^^^^^^^^^^^^^^^^^^^^^^^^^^^^^^^^^^^^^^

warning: missing documentation for an associated function
  --> a2a-slimrpc/src/client.rs:40:5
   |
40 | /     pub fn new_with_connection(
41 | |         app: Arc<SlimApp>,
42 | |         remote: Arc<ProtoName>,
43 | |         connection_id: Option<u64>,
44 | |     ) -> Self {
   | |_____________^

warning: missing documentation for an associated function
  --> a2a-slimrpc/src/client.rs:50:5
   |
50 |     pub fn from_channel(channel: slim_rpc::Channel) -> Self {
   |     ^^^^^^^^^^^^^^^^^^^^^^^^^^^^^^^^^^^^^^^^^^^^^^^^^^^^^^^

warning: missing documentation for an associated function
  --> a2a-slimrpc/src/client.rs:65:5
   |
65 | /     pub fn new_group_with_connection(
66 | |         app: Arc<SlimApp>,
67 | |         members: Vec<Arc<ProtoName>>,
68 | |         connection_id: Option<u64>,
69 | |     ) -> Result<Self, slim_rpc::RpcError> {
   | |_________________________________________^

warning: missing documentation for a struct
   --> a2a-slimrpc/src/client.rs:381:1
    |
381 | pub struct SlimRpcTransportFactory {
    | ^^^^^^^^^^^^^^^^^^^^^^^^^^^^^^^^^^

warning: missing documentation for an associated function
   --> a2a-slimrpc/src/client.rs:387:5
    |
387 |     pub fn new(app: Arc<SlimApp>) -> Self {
    |     ^^^^^^^^^^^^^^^^^^^^^^^^^^^^^^^^^^^^^

warning: missing documentation for an associated function
   --> a2a-slimrpc/src/client.rs:394:5
    |
394 |     pub fn new_with_connection(app: Arc<SlimApp>, connection_id: Option<u64>) -> Self {
    |     ^^^^^^^^^^^^^^^^^^^^^^^^^^^^^^^^^^^^^^^^^^^^^^^^^^^^^^^^^^^^^^^^^^^^^^^^^^^^^^^^^

warning: missing documentation for an associated function
  --> a2a-slimrpc/src/server.rs:30:5
   |
30 |     pub fn new(handler: Arc<H>) -> Self {
   |     ^^^^^^^^^^^^^^^^^^^^^^^^^^^^^^^^^^^

warning: missing documentation for a method
  --> a2a-slimrpc/src/server.rs:34:5
   |
34 |     pub fn register(&self, server: &slim_rpc::Server) {
   |     ^^^^^^^^^^^^^^^^^^^^^^^^^^^^^^^^^^^^^^^^^^^^^^^^^

warning: `a2a-slimrpc` (lib doc) generated 13 warnings
    Finished `dev` profile [unoptimized] target(s) in 18.06s
   Generated /opt/bench/target-quality-a2a-rs/doc/a2a_slimrpc/index.html
EXIT: 0
END: 2026-09-26T10:08:55Z
