 Downloading crates ...
  Downloaded crc-catalog v2.5.0
  Downloaded parking v2.2.1
  Downloaded sqlx-macros v0.8.6
  Downloaded atoi v2.0.0
  Downloaded crc v3.4.0
  Downloaded whoami v1.6.1
  Downloaded unicode-properties v0.1.4
  Downloaded spin v0.9.9
  Downloaded pkcs1 v0.7.5
  Downloaded dotenvy v0.15.7
  Downloaded crossbeam-queue v0.3.14
  Downloaded unicode-bidi v0.3.18
  Downloaded futures-intrusive v0.5.0
  Downloaded sqlx-postgres v0.8.6
  Downloaded sqlx-mysql v0.8.6
  Downloaded sqlx-sqlite v0.8.6
  Downloaded sqlx-core v0.8.6
  Downloaded num-bigint-dig v0.8.6
  Downloaded rsa v0.9.10
  Downloaded sqlx v0.8.6
  Downloaded hkdf v0.12.4
  Downloaded libm v0.2.16
  Downloaded flume v0.11.1
  Downloaded event-listener v5.4.2
  Downloaded stringprep v0.1.5
  Downloaded sqlx-macros-core v0.8.6
  Downloaded pem-rfc7468 v0.7.0
  Downloaded md-5 v0.10.6
  Downloaded libsqlite3-sys v0.30.1
