 Downloading crates ...
  Downloaded trait-variant v0.1.3
  Downloaded sha1 v0.10.7
  Downloaded twox-hash v2.1.4
  Downloaded jsonwebtoken v10.4.0
  Downloaded agntcy-slim-mls v0.3.10
  Downloaded a2a-slimrpc v0.2.9
  Downloaded spin v0.10.1
  Downloaded num-integer v0.1.47
  Downloaded maybe-async v0.2.11
  Downloaded glob v0.3.4
  Downloaded futures-timer v3.0.4
  Downloaded crossbeam-utils v0.8.23
  Downloaded clang-sys v1.9.1
  Downloaded agntcy-slim-tracing v0.4.20
  Downloaded serde_derive_internals v0.30.0
  Downloaded schemars_derive v1.2.2
  Downloaded mls-rs-provider-sqlite v0.23.0
  Downloaded mls-rs-core v0.27.0
  Downloaded lru v0.18.5
  Downloaded generic-array v0.14.9
  Downloaded data-encoding v2.11.1
  Downloaded crypto-common v0.1.6
  Downloaded crossbeam-deque v0.8.8
  Downloaded agntcy-slim-version v2.3.3
  Downloaded agntcy-slim-persistence v0.1.1
  Downloaded thread_local v1.1.10
  Downloaded siphasher v1.0.4
  Downloaded ref-cast-impl v1.0.27
  Downloaded ref-cast v1.0.27
  Downloaded mls-rs-identity-x509 v0.21.0
  Downloaded inotify-sys v0.1.8
  Downloaded inotify v0.11.5
  Downloaded agntcy-slim-signal v0.1.26
  Downloaded agntcy-slim-proto v0.6.1
  Downloaded headers v0.4.2
  Downloaded schemars v1.2.2
  Downloaded num-bigint v0.4.8
  Downloaded agntcy-slim-auth v0.15.4
  Downloaded cel v0.14.5
  Downloaded agntcy-slim-datapath v0.18.7
  Downloaded agntcy-slim-config v0.16.1
  Downloaded portable-atomic v1.15.0
  Downloaded rand v0.9.5
  Downloaded rand v0.8.8
  Downloaded asn1-rs v0.7.2
  Downloaded zerocopy v0.8.59
  Downloaded mls-rs v0.56.0
  Downloaded bstr v1.13.1
  Downloaded aws-lc-fips-sys v0.13.17
